// Jest Snapshot v1, https://goo.gl/fbAQLP

exports[`ReaderList take a snapshot 1`] = `
<div
  className="reader-list-container"
>
  <Connect(ReaderListHeader) />
</div>
`;
